exports[`createFullActivity should add nfts, fiat, connections to props 1`] = `
[
  {
    "assetName": "ethereum",
    "connection": {
      "foo": "bar",
      "origin": "someOrigin",
    },
    "date": 2019-07-22T13:54:28.000Z,
    "failed": false,
    "id": "nft.ethereum.received-tx",
    "nft": {
      "date": 1,
      "from": "ethereumAddress1",
      "network": "ethereum",
      "nftId": "someId1",
      "sent": undefined,
      "to": "ethereumAddress2",
      "txId": "received-tx",
    },
    "pending": false,
    "personalNote": {
      "message": "message",
      "providerData": {
        "origin": "someOrigin",
      },
      "txId": "received-tx",
    },
    "received": true,
    "sent": false,
    "tx": {
      "coinAmount": "1 ETH",
      "coinName": "ethereum",
      "confirmations": 1,
      "currencies": {
        "ethereum": {
          "ETH": 18,
          "Gwei": 9,
          "Kwei": 3,
          "Mwei": 6,
          "finney": 15,
          "szabo": 12,
          "wei": 0,
        },
      },
      "date": "2019-07-22T13:54:28.000Z",
      "dropped": false,
      "feeAmount": "0.000189 ETH",
      "feeCoinName": "ethereum",
      "txId": "received-tx",
      "version": 1,
    },
    "txId": "received-tx",
    "type": "nft",
  },
  {
    "assetName": "ethereum",
    "date": 2019-07-22T13:54:28.000Z,
    "failed": false,
    "fiatOrder": {
      "date": "2023-07-11T15:10:42.226Z",
      "exodusRate": 35,
      "fiatValue": 22,
      "fromAddress": null,
      "fromAmount": 42,
      "fromAsset": "USD",
      "fromWalletAccount": null,
      "orderId": "buy-order",
      "orderType": "buy",
      "provider": "ramp",
      "providerRate": 32,
      "status": "",
      "toAddress": "toAddress",
      "toAmount": 42,
      "toAsset": "ethereum",
      "toWalletAccount": "exodus_0",
      "txId": "buy-order-tx",
    },
    "id": "ethereum.buy-order-tx",
    "pending": false,
    "personalNote": undefined,
    "received": true,
    "sent": false,
    "tx": {
      "coinAmount": "1 ETH",
      "coinName": "ethereum",
      "confirmations": 1,
      "currencies": {
        "ethereum": {
          "ETH": 18,
          "Gwei": 9,
          "Kwei": 3,
          "Mwei": 6,
          "finney": 15,
          "szabo": 12,
          "wei": 0,
        },
      },
      "date": "2019-07-22T13:54:28.000Z",
      "dropped": false,
      "feeAmount": "0.000189 ETH",
      "feeCoinName": "ethereum",
      "txId": "buy-order-tx",
      "version": 1,
    },
    "txId": "buy-order-tx",
    "type": "fiat",
  },
]
`;
